126edd17cd7e5566fd560e85e256fcb8e58a6db96805a96a33127c535d09f2d8
487efc0616382465781b8fdc3d6d1db449e6fd80ae23bf48432a2da6b6929908
podman-compose : time="2026-07-03T12:18:45-03:00" level=warning msg="Failed to obtain TTY size: The handle is invalid."
No linha:1 caractere:1
+ podman-compose --profile test run --rm test 2>&1 | Tee-Object -FilePa ...
+ ~~~~~~~~~~~~~~~~~~~~~~~~~~~~~~~~~~~~~~~~~~~~~~~~
    + CategoryInfo          : NotSpecified: (time="2026-07-0...le is invalid.":String) [], RemoteException
    + FullyQualifiedErrorId : NativeCommandError
 
[1m============================= test session starts ==============================[0m
platform linux -- Python 3.11.15, pytest-9.1.1, pluggy-1.6.0
rootdir: /app
configfile: pyproject.toml
testpaths: tests
plugins: asyncio-1.4.0, Faker-40.28.1, cov-7.1.0, anyio-4.14.1
asyncio: mode=Mode.AUTO, debug=False, asyncio_default_fixture_loop_scope=None, asyncio_default_test_loop_scope=function
[1mcollecting ... [0m[1m
collected 31 items                                                             [0m

tests/api/test_auth_routes.py [32m.[0m[32m.[0m[32m.[0m[32m.[0m[32m.[0m[32m.[0m[32m.[0m[33m                                    [ 22%][0m
tests/api/test_role_routes.py [32m.[0m[32m.[0m[32m.[0m[32m.[0m[33m                                       [ 35%][0m
tests/api/test_user_routes.py [32m.[0m[32m.[0m[32m.[0m[33m                                        [ 45%][0m
tests/integration/repositories/test_user_repository.py [32m.[0m[32m.[0m[32m.[0m[33m               [ 54%][0m
tests/unit/security/test_jwt_handler.py [32m.[0m[32m.[0m[32m.[0m[32m.[0m[32m.[0m[33m                            [ 70%][0m
tests/unit/security/test_password_handler.py [32m.[0m[32m.[0m[32m.[0m[32m.[0m[32m.[0m[32m.[0m[33m                      [ 90%][0m
tests/unit/services/test_auth_service.py [32m.[0m[32m.[0m[32m.[0m[33m                             [100%][0m

[33m=============================== warnings summary ===============================[0m
../opt/venv/lib/python3.11/site-packages/passlib/utils/__init__.py:854
  /opt/venv/lib/python3.11/site-packages/passlib/utils/__init__.py:854: DeprecationWarning: 'crypt' is deprecated and slated for removal in Python 3.13
    from crypt import crypt as _crypt

-- Docs: https://docs.pytest.org/en/stable/how-to/capture-warnings.html
================================ tests coverage ================================
_______________ coverage: platform linux, python 3.11.15-final-0 _______________

Name                                            Stmts   Miss  Cover   Missing
-----------------------------------------------------------------------------
app/__init__.py                                     0      0   100%
app/api/__init__.py                                 0      0   100%
app/api/dependencies/__init__.py                    0      0   100%
app/api/dependencies/auth_dependency.py            22      5    77%   53-57
app/api/dependencies/db_dependency.py              54      3    94%   35-36, 137
app/api/dependencies/permission_dependency.py      13      0   100%
app/api/router.py                                  10      0   100%
app/api/routes/__init__.py                          0      0   100%
app/api/routes/auth_routes.py                      44     10    77%   37, 49, 77, 91-92, 116, 125, 136, 145, 154
app/api/routes/permission_routes.py                23      6    74%   30, 44-47, 61-62, 74
app/api/routes/role_routes.py                      36      6    83%   30, 56, 68-69, 95, 108
app/api/routes/session_routes.py                   15      4    73%   28-35, 46
app/api/routes/user_routes.py                      51     15    71%   39-40, 69-70, 85-86, 98-99, 111, 121-122, 134-135, 156-157
app/core/__init__.py                                0      0   100%
app/core/config.py                                 57      1    98%   107
app/core/constants.py                              70      0   100%
app/core/logging.py                                21      2    90%   51, 82
app/core/security.py                               38      2    95%   110-111
app/database/__init__.py                            0      0   100%
app/database/base.py                               20      1    95%   83
app/database/session.py                            27     16    41%   53-60, 72-80, 85
app/exceptions/__init__.py                          0      0   100%
app/exceptions/auth_exceptions.py                  41      0   100%
app/exceptions/base_exception.py                   29      0   100%
app/exceptions/exception_handlers.py               31      4    87%   68-74, 111-118
app/exceptions/user_exceptions.py                  23      0   100%
app/integrations/__init__.py                        0      0   100%
app/integrations/email_client.py                   31     14    55%   34-45, 56, 69-75
app/integrations/oauth_providers/__init__.py        0      0   100%
app/integrations/redis_client.py                   10      2    80%   34-35
app/main.py                                        36      6    83%   34-38, 90
app/middleware/__init__.py                          0      0   100%
app/middleware/audit_middleware.py                 41      3    93%   100-101, 122
app/middleware/logging_middleware.py               25      0   100%
app/middleware/rate_limit_middleware.py            31      3    90%   50, 73-79
app/models/__init__.py                              0      0   100%
app/models/permission_model.py                     11      0   100%
app/models/refresh_token_model.py                  15      0   100%
app/models/role_model.py                           14      0   100%
app/models/session_model.py                        16      0   100%
app/models/user_model.py                           30      1    97%   96
app/repositories/__init__.py                        0      0   100%
app/repositories/permission_repository.py          41     19    54%   26, 29-31, 35-38, 45, 50, 53-54, 63-64, 67-77
app/repositories/refresh_token_repository.py       28     12    57%   34, 44-46, 50-51, 63-69, 79-81
app/repositories/role_repository.py                52     23    56%   29, 32-34, 39, 49-50, 53-54, 72-81, 101-105, 110-114
app/repositories/session_repository.py             31     14    55%   28, 31-33, 37-43, 47-48, 52-58, 69-70
app/repositories/user_repository.py                75     24    68%   55, 100-122, 146-150, 155-159
app/schemas/__init__.py                             0      0   100%
app/schemas/auth_schema.py                         54      5    91%   41, 115-118
app/schemas/permission_schema.py                   24      1    96%   39
app/schemas/role_schema.py                         18      0   100%
app/schemas/token_schema.py                        22      0   100%
app/schemas/user_schema.py                         58      4    93%   37, 39, 119, 121
app/security/__init__.py                            0      0   100%
app/security/jwt_handler.py                        67      8    88%   92-93, 121-122, 131-132, 154-155
app/security/mfa_handler.py                        46     24    48%   35-36, 44-46, 56-64, 69-71, 83-91
app/security/oauth2_handler.py                     43     43     0%   20-124
app/security/password_handler.py                   17      1    94%   44
app/services/__init__.py                            0      0   100%
app/services/auth_service.py                      141     82    42%   78-87, 107-108, 113-135, 141-150, 159-164, 184, 210-211, 220-222, 237, 245-256, 260-269, 273-274, 285-289, 299-307, 311-317
app/services/permission_service.py                 31     16    48%   28-31, 36-41, 47-51, 55-56, 62
app/services/role_service.py                       73     37    49%   34-36, 41-44, 48-56, 61, 70-74, 79-83, 88-92, 97-101
app/services/session_service.py                    17      8    53%   21, 25, 38-43
app/services/user_service.py                       69     42    39%   40-43, 47-50, 64-67, 73, 77-83, 87-92, 96-101, 110-119
-----------------------------------------------------------------------------
TOTAL                                            1792    467    74%
[33m======================== [32m31 passed[0m, [33m[1m1 warning[0m[33m in 15.00s[0m[33m ========================[0m

